Microchip MPLAB XC8 Compiler V3.00

Linker command line:

-W-3 --edf=D:\XC8_compiler\pic\dat\20241204225717_en.msgs -cn \
  -h+dist/default/production\Car_Black_Box.X.production.sym \
  --cmf=dist/default/production\Car_Black_Box.X.production.cmf -z -Q18F4580 \
  -oC:\Users\91974\AppData\Local\Temp\xcAsemc.\driver_tmp_3.o \
  --defsym=__MPLAB_BUILD=1 --fixupoverflow=error \
  -Mdist/default/production/Car_Black_Box.X.production.map \
  --md=C:\Users\91974\AppData\Local\Temp\xcAsemc.\driver_tmp_0.dat -E1 \
  -ver=XC8 Compiler -ACODE=00h-03000h -ACONST=00h-03000h \
  -ASMALLCONST=0600h-06FFhx42,03000h-03000h -AMEDIUMCONST=0600h-03000h \
  -ACOMRAM=01h-05Fh -AABS1=00h-05FFh -ABIGRAM=01h-05FFh \
  -ARAM=060h-0FFh,0100h-01FFhx5 -ABANK0=060h-0FFh -ABANK1=0100h-01FFh \
  -ABANK2=0200h-02FFh -ABANK3=0300h-03FFh -ABANK4=0400h-04FFh \
  -ABANK5=0500h-05FFh -ASFR=0D00h-0DFFhx2,0F00h-0F5Fh,0F60h-0FFFh \
  -ABIGSFR=0D00h-0FFFh -ACONFIG=0300000h-030000Dh -AIDLOC=0200000h-0200007h \
  -AEEDATA=0F00000h-0F000FFh -peeprom_data=EEDATA \
  -preset_vec=00h,intcode=8h,intcodelo=18h,sivt_lo,sivt_hi=CODE \
  -ppowerup=CODE,init -pramtop=0600h -psmallconst=SMALLCONST \
  -pmediumconst=MEDIUMCONST -pconst=CONST -AFARRAM=00h-00h \
  -prdata=COMRAM,nvrram=COMRAM,nvbit=COMRAM,rbss=COMRAM,rbit=COMRAM \
  -pfarbss=FARRAM,fardata=FARRAM,nvFARRAM=FARRAM \
  -pintsave_regs=BIGRAM,bigbss=BIGRAM,bigdata=BIGRAM -pbss=RAM \
  -pidata=CODE,irdata=CODE,ibigdata=CODE,ifardata=CODE -prparam=COMRAM \
  C:\Users\91974\AppData\Local\Temp\xcAsemc.\driver_tmp_9.o \
  dist/default/production\Car_Black_Box.X.production.o 

Object code version is 3.11

Machine type is 18F4580



                Name                               Link     Load   Length Selector   Space Scale
C:\Users\91974\AppData\Local\Temp\xcAsemc.\driver_tmp_9.o
                idloc                            200000   200000        8        0       5
                config                           300000   300000        E        0       4
                init                               2FFC     2FFC        4     17FE       0
                reset_vec                             0        0        4        0       0
dist/default/production\Car_Black_Box.X.production.o
                idloc                            200000   200000        8        0       5
                config                           300000   300000        E        0       4
                mediumconst                        2EFE     2EFE       FE     177F       0
                text43                             10EE     10EE       3A      877       0
                text42                             13A0     13A0       6C      9D0       0
                text41                              F64      F64        6      7B2       0
                text40                              FA2      FA2       12      7D1       0
                text39                              F6A      F6A        8      7B5       0
                text38                              F8A      F8A        C      7C5       0
                text37                              F72      F72        8      7B9       0
                text36                              F7A      F7A        8      7BD       0
                text35                              F82      F82        8      7C1       0
                text34                              F96      F96        C      7CB       0
                text33                             1066     1066       2A      833       0
                text32                             1164     1164       40      8B2       0
                text31                             178C     178C       C4      BC6       0
                text30                             1284     1284       5E      942       0
                text29                             156E     156E       AE      AB7       0
                text28                             21A8     21A8      1E6     10D4       0
                text27                             1E0C     1E0C      1BA      F06       0
                text26                              FDC      FDC       18      7EE       0
                text25                             12E2     12E2       5E      971       0
                text24                             1B26     1B26      132      D93       0
                text23                             100C     100C       1C      806       0
                text22                             10BA     10BA       34      85D       0
                text21                             1090     1090       2A      848       0
                text20                             1028     1028       1E      814       0
                text19                             11EA     11EA       48      8F5       0
                text18                              FC6      FC6       16      7E3       0
                text17                              FB4      FB4       12      7DA       0
                text16                             1046     1046       20      823       0
                text15                             1128     1128       3C      894       0
                text14                             1A1E     1A1E      108      D0F       0
                text13                             1478     1478       74      A3C       0
                text12                             16CA     16CA       C2      B65       0
                text11                             161C     161C       AE      B0E       0
                text10                              FF4      FF4       18      7FA       0
                text9                              2908     2908      5F6     1484       0
                text8                              2578     2578      390     12BC       0
                text7                              1918     1918      106      C8C       0
                text6                              1C58     1C58      1B4      E2C       0
                text5                              14EC     14EC       82      A76       0
                text4                              1232     1232       52      919       0
                text3                              11A4     11A4       46      8D2       0
                text2                              238E     238E      1EA     11C7       0
                text1                              1FC6     1FC6      1E2      FE3       0
                text0                              1850     1850       C8      C28       0
                cstackCOMRAM                          1        1       33        1       1
                bssBANK2                            200      200       64      200       1
                bssBANK1                            100      100       AA      100       1
                dataBANK0                            60       60       60       60       1
                bssBANK0                             C0       C0       2A       60       1
                dataCOMRAM                           5E       5E        1        1       1
                bssCOMRAM                            34       34       2A        1       1
                cinit                              140C     140C       6C      A06       0
                idataBANK0                         1340     1340       60     1340       0
                idataCOMRAM                        3000     3000        1     17FE       0

TOTAL           Name                               Link     Load   Length     Space
        CLASS   CODE           
                init                               2FFC     2FFC        4         0
                reset_vec                             0        0        4         0
                text43                             10EE     10EE       3A         0
                text42                             13A0     13A0       6C         0
                text41                              F64      F64        6         0
                text40                              FA2      FA2       12         0
                text39                              F6A      F6A        8         0
                text38                              F8A      F8A        C         0
                text37                              F72      F72        8         0
                text36                              F7A      F7A        8         0
                text35                              F82      F82        8         0
                text34                              F96      F96        C         0
                text33                             1066     1066       2A         0
                text32                             1164     1164       40         0
                text31                             178C     178C       C4         0
                text30                             1284     1284       5E         0
                text29                             156E     156E       AE         0
                text28                             21A8     21A8      1E6         0
                text27                             1E0C     1E0C      1BA         0
                text26                              FDC      FDC       18         0
                text25                             12E2     12E2       5E         0
                text24                             1B26     1B26      132         0
                text23                             100C     100C       1C         0
                text22                             10BA     10BA       34         0
                text21                             1090     1090       2A         0
                text20                             1028     1028       1E         0
                text19                             11EA     11EA       48         0
                text18                              FC6      FC6       16         0
                text17                              FB4      FB4       12         0
                text16                             1046     1046       20         0
                text15                             1128     1128       3C         0
                text14                             1A1E     1A1E      108         0
                text13                             1478     1478       74         0
                text12                             16CA     16CA       C2         0
                text11                             161C     161C       AE         0
                text10                              FF4      FF4       18         0
                text9                              2908     2908      5F6         0
                text8                              2578     2578      390         0
                text7                              1918     1918      106         0
                text6                              1C58     1C58      1B4         0
                text5                              14EC     14EC       82         0
                text4                              1232     1232       52         0
                text3                              11A4     11A4       46         0
                text2                              238E     238E      1EA         0
                text1                              1FC6     1FC6      1E2         0
                text0                              1850     1850       C8         0
                cinit                              140C     140C       6C         0
                idataBANK0                         1340     1340       60         0
                idataCOMRAM                        3000     3000        1         0

        CLASS   CONST          

        CLASS   SMALLCONST     

        CLASS   MEDIUMCONST    
                mediumconst                        2EFE     2EFE       FE         0

        CLASS   COMRAM         
                cstackCOMRAM                          1        1       33         1
                dataCOMRAM                           5E       5E        1         1
                bssCOMRAM                            34       34       2A         1

        CLASS   ABS1           

        CLASS   BIGRAM         

        CLASS   RAM            

        CLASS   BANK0          
                dataBANK0                            60       60       60         1
                bssBANK0                             C0       C0       2A         1

        CLASS   BANK1          
                bssBANK1                            100      100       AA         1

        CLASS   BANK2          
                bssBANK2                            200      200       64         1

        CLASS   BANK3          

        CLASS   BANK4          

        CLASS   BANK5          

        CLASS   SFR            

        CLASS   BIGSFR         

        CLASS   CONFIG         
                config                           300000   300000        E         4

        CLASS   IDLOC          
                idloc                            200000   200000        8         5

        CLASS   EEDATA         

        CLASS   FARRAM         

        CLASS   HEAP           

        CLASS   STACK          



SEGMENTS        Name                           Load    Length   Top    Selector   Space  Class

                reset_vec                      000000  000004  000004         0       0  CODE    
                cstackCOMRAM                   000001  00005E  00005F         1       1  COMRAM  
                dataBANK0                      000060  00008A  0000EA        60       1  BANK0   
                bssBANK1                       000100  0000AA  0001AA       100       1  BANK1   
                bssBANK2                       000200  000064  000264       200       1  BANK2   
                text41                         000F64  000006  000F6A       7B2       0  CODE    
                text39                         000F6A  000008  000F72       7B5       0  CODE    
                text37                         000F72  000008  000F7A       7B9       0  CODE    
                text36                         000F7A  000008  000F82       7BD       0  CODE    
                text35                         000F82  000008  000F8A       7C1       0  CODE    
                text38                         000F8A  00000C  000F96       7C5       0  CODE    
                text34                         000F96  00000C  000FA2       7CB       0  CODE    
                text40                         000FA2  000012  000FB4       7D1       0  CODE    
                text17                         000FB4  000012  000FC6       7DA       0  CODE    
                text18                         000FC6  000016  000FDC       7E3       0  CODE    
                text26                         000FDC  000018  000FF4       7EE       0  CODE    
                text10                         000FF4  000018  00100C       7FA       0  CODE    
                text23                         00100C  00001C  001028       806       0  CODE    
                text20                         001028  00001E  001046       814       0  CODE    
                text16                         001046  000020  001066       823       0  CODE    
                text33                         001066  00002A  001090       833       0  CODE    
                text21                         001090  00002A  0010BA       848       0  CODE    
                text22                         0010BA  000034  0010EE       85D       0  CODE    
                text43                         0010EE  00003A  001128       877       0  CODE    
                text15                         001128  00003C  001164       894       0  CODE    
                text32                         001164  000040  0011A4       8B2       0  CODE    
                text3                          0011A4  000046  0011EA       8D2       0  CODE    
                text19                         0011EA  000048  001232       8F5       0  CODE    
                text4                          001232  000052  001284       919       0  CODE    
                text30                         001284  00005E  0012E2       942       0  CODE    
                text25                         0012E2  00005E  001340       971       0  CODE    
                idataBANK0                     001340  000060  0013A0      1340       0  CODE    
                text42                         0013A0  00006C  00140C       9D0       0  CODE    
                cinit                          00140C  00006C  001478       A06       0  CODE    
                text13                         001478  000074  0014EC       A3C       0  CODE    
                text5                          0014EC  000082  00156E       A76       0  CODE    
                text29                         00156E  0000AE  00161C       AB7       0  CODE    
                text11                         00161C  0000AE  0016CA       B0E       0  CODE    
                text12                         0016CA  0000C2  00178C       B65       0  CODE    
                text31                         00178C  0000C4  001850       BC6       0  CODE    
                text0                          001850  0000C8  001918       C28       0  CODE    
                text7                          001918  000106  001A1E       C8C       0  CODE    
                text14                         001A1E  000108  001B26       D0F       0  CODE    
                text24                         001B26  000132  001C58       D93       0  CODE    
                text6                          001C58  0001B4  001E0C       E2C       0  CODE    
                text27                         001E0C  0001BA  001FC6       F06       0  CODE    
                text1                          001FC6  0001E2  0021A8       FE3       0  CODE    
                text28                         0021A8  0001E6  00238E      10D4       0  CODE    
                text2                          00238E  0001EA  002578      11C7       0  CODE    
                text8                          002578  000390  002908      12BC       0  CODE    
                text9                          002908  0005F6  002EFE      1484       0  CODE    
                mediumconst                    002EFE  0000FE  002FFC      177F       0  MEDIUMCO
                init                           002FFC  000005  003001      17FE       0  CODE    


UNUSED ADDRESS RANGES

        Name                Unused          Largest block    Delta
        BANK0            0000EA-0000FF               16
        BANK1            0001AA-0001FF               56
        BANK2            000264-0002FF               9C
        BANK3            000300-0003FF              100
        BANK4            000400-0004FF              100
        BANK5            000500-0005FF              100
        BIGRAM           00005F-00005F                1
                         0000EA-0000FF               16
                         0001AA-0001FF               56
                         000264-0005FF              39C
        BIGSFR           000D00-000FFF              300
        CODE             000004-000F63              F60
        COMRAM           00005F-00005F                1
        CONST            000004-000F63              F60
        EEDATA           F00000-F000FF              100
        MEDIUMCONST      000600-000F63              964
        RAM              0000EA-0000FF               16
                         0001AA-0001FF               56
                         000264-0005FF              100
        SFR              000D00-000FFF              100
        SMALLCONST       000600-000F63              100

                                  Symbol Table

?___awdiv                      cstackCOMRAM 000001
?___awmod                      cstackCOMRAM 000001
?___fldiv                      cstackCOMRAM 00000F
?___fltol                      cstackCOMRAM 000028
?___xxtofl                     cstackCOMRAM 000001
?_read_adc                     cstackCOMRAM 000001
_ACKDT                         (abs)        007E2D
_ACKEN                         (abs)        007E2C
_ACKSTAT                       (abs)        007E2E
_ACQT0                         (abs)        007E03
_ACQT1                         (abs)        007E04
_ACQT2                         (abs)        007E05
_ADCON0                        (abs)        000FC2
_ADCON1                        (abs)        000FC1
_ADCS0                         (abs)        007E00
_ADCS1                         (abs)        007E01
_ADCS2                         (abs)        007E02
_ADFM                          (abs)        007E07
_ADON                          (abs)        007E10
_ADRESH                        (abs)        000FC4
_ADRESL                        (abs)        000FC3
_BCLIF                         (abs)        007D0B
_BRG16                         (abs)        007DC3
_BRGH                          (abs)        007D62
_CKE                           (abs)        007E3E
_CREN                          (abs)        007D5C
_GO                            (abs)        007E11
_GODONE                        (abs)        007E11
_PEN                           (abs)        007E2A
_PORTB                         (abs)        000F81
_PORTBbits                     (abs)        000F81
_PORTD                         (abs)        000F83
_RBPU                          (abs)        007F8F
_RC0                           (abs)        007C10
_RC1                           (abs)        007C11
_RC2                           (abs)        007C12
_RCEN                          (abs)        007E2B
_RCIF                          (abs)        007CF5
_RCREG                         (abs)        000FAE
_RD7                           (abs)        007C1F
_RSEN                          (abs)        007E29
_RX9                           (abs)        007D5E
_SEN                           (abs)        007E28
_SENDB                         (abs)        007D63
_SMP                           (abs)        007E3F
_SPBRG                         (abs)        000FAF
_SPEN                          (abs)        007D5F
_SSPADD                        (abs)        000FC8
_SSPBUF                        (abs)        000FC9
_SSPCON1                       (abs)        000FC6
_SSPIF                         (abs)        007CF3
_SYNC                          (abs)        007D64
_TRISB                         (abs)        000F93
_TRISC                         (abs)        000F94
_TRISC3                        (abs)        007CA3
_TRISC4                        (abs)        007CA4
_TRISC6                        (abs)        007CA6
_TRISC7                        (abs)        007CA7
_TRISD                         (abs)        000F95
_TRISD7                        (abs)        007CAF
_TX9                           (abs)        007D66
_TXEN                          (abs)        007D65
_TXIF                          (abs)        007CF4
_TXREG                         (abs)        000FAD
_VCFG0                         (abs)        007E0C
_VCFG1                         (abs)        007E0D
__HRAM                         (abs)        000000
__H__absolute__                __absolute__ 000000
__Habs1                        abs1         000000
__Hbank0                       bank0        000000
__Hbank1                       bank1        000000
__Hbank2                       bank2        000000
__Hbank3                       bank3        000000
__Hbank4                       bank4        000000
__Hbank5                       bank5        000000
__Hbigbss                      bigbss       000000
__Hbigdata                     bigdata      000000
__Hbigram                      bigram       000000
__Hbigsfr                      bigsfr       000000
__Hbss                         bss          000000
__HbssBANK0                    bssBANK0     000000
__HbssBANK1                    bssBANK1     000000
__HbssBANK2                    bssBANK2     000000
__HbssCOMRAM                   bssCOMRAM    000000
__Hcinit                       cinit        000000
__Hclrtext                     clrtext      000000
__Hcomram                      comram       000000
__Hconfig                      config       30000E
__Hconst                       const        000000
__HcstackCOMRAM                cstackCOMRAM 000000
__Hdata                        data         000000
__HdataBANK0                   dataBANK0    000000
__HdataCOMRAM                  dataCOMRAM   000000
__Heeprom_data                 eeprom_data  000000
__Hfarbss                      farbss       000000
__Hfardata                     fardata      000000
__Hheap                        heap         000000
__Hibigdata                    ibigdata     000000
__Hidata                       idata        000000
__HidataBANK0                  idataBANK0   000000
__HidataCOMRAM                 idataCOMRAM  000000
__Hidloc                       idloc        200008
__Hifardata                    ifardata     000000
__Hinit                        init         003000
__Hintcode                     intcode      000008
__Hintcode_body                intcode_body 000000
__Hintcodelo                   intcodelo    000018
__Hintentry                    intentry     000000
__Hintret                      intret       000000
__Hintsave_regs                intsave_regs 000000
__Hirdata                      irdata       000000
__Hmediumconst                 mediumconst  002FFC
__HnvFARRAM                    nvFARRAM     000000
__Hnvbit                       nvbit        000000
__Hnvrram                      nvrram       000000
__Hparam                       rparam       000000
__Hpowerup                     powerup      000000
__Hram                         ram          000000
__Hramtop                      ramtop       000600
__Hrbit                        rbit         000000
__Hrbss                        rbss         000000
__Hrdata                       rdata        000000
__Hreset_vec                   reset_vec    000004
__Hrparam                      rparam       000000
__Hsfr                         sfr          000000
__Hsivt_hi                     sivt_hi      000000
__Hsivt_lo                     sivt_lo      000018
__Hsmallconst                  smallconst   000000
__Hspace_0                     (abs)        003001
__Hspace_1                     (abs)        000264
__Hspace_2                     (abs)        000000
__Hspace_4                     (abs)        60000E
__Hstack                       stack        000000
__Hstruct                      struct       000000
__Htemp                        temp         000000
__Htext                        text         000000
__Htext0                       text0        000000
__Htext1                       text1        000000
__Htext10                      text10       000000
__Htext11                      text11       000000
__Htext12                      text12       000000
__Htext13                      text13       000000
__Htext14                      text14       000000
__Htext15                      text15       000000
__Htext16                      text16       000000
__Htext17                      text17       000000
__Htext18                      text18       000000
__Htext19                      text19       000000
__Htext2                       text2        000000
__Htext20                      text20       000000
__Htext21                      text21       000000
__Htext22                      text22       000000
__Htext23                      text23       000000
__Htext24                      text24       000000
__Htext25                      text25       000000
__Htext26                      text26       000000
__Htext27                      text27       000000
__Htext28                      text28       000000
__Htext29                      text29       000000
__Htext3                       text3        000000
__Htext30                      text30       000000
__Htext31                      text31       000000
__Htext32                      text32       000000
__Htext33                      text33       000000
__Htext34                      text34       000000
__Htext35                      text35       000000
__Htext36                      text36       000000
__Htext37                      text37       000000
__Htext38                      text38       000000
__Htext39                      text39       000000
__Htext4                       text4        000000
__Htext40                      text40       000000
__Htext41                      text41       000000
__Htext42                      text42       000000
__Htext43                      text43       000000
__Htext5                       text5        000000
__Htext6                       text6        000000
__Htext7                       text7        000000
__Htext8                       text8        000000
__Htext9                       text9        000000
__LRAM                         (abs)        000001
__L__absolute__                __absolute__ 000000
__Labs1                        abs1         000000
__Lbank0                       bank0        000000
__Lbank1                       bank1        000000
__Lbank2                       bank2        000000
__Lbank3                       bank3        000000
__Lbank4                       bank4        000000
__Lbank5                       bank5        000000
__Lbigbss                      bigbss       000000
__Lbigdata                     bigdata      000000
__Lbigram                      bigram       000000
__Lbigsfr                      bigsfr       000000
__Lbss                         bss          000000
__LbssBANK0                    bssBANK0     000000
__LbssBANK1                    bssBANK1     000000
__LbssBANK2                    bssBANK2     000000
__LbssCOMRAM                   bssCOMRAM    000000
__Lcinit                       cinit        000000
__Lclrtext                     clrtext      000000
__Lcomram                      comram       000000
__Lconfig                      config       000000
__Lconst                       const        000000
__LcstackCOMRAM                cstackCOMRAM 000000
__Ldata                        data         000000
__LdataBANK0                   dataBANK0    000000
__LdataCOMRAM                  dataCOMRAM   000000
__Leeprom_data                 eeprom_data  000000
__Lfarbss                      farbss       000000
__Lfardata                     fardata      000000
__Lheap                        heap         000000
__Libigdata                    ibigdata     000000
__Lidata                       idata        000000
__LidataBANK0                  idataBANK0   000000
__LidataCOMRAM                 idataCOMRAM  000000
__Lidloc                       idloc        000000
__Lifardata                    ifardata     000000
__Linit                        init         002FFC
__Lintcode                     intcode      000008
__Lintcode_body                intcode_body 000000
__Lintcodelo                   intcodelo    000018
__Lintentry                    intentry     000000
__Lintret                      intret       000000
__Lintsave_regs                intsave_regs 000000
__Lirdata                      irdata       000000
__Lmediumconst                 mediumconst  002EFE
__LnvFARRAM                    nvFARRAM     000000
__Lnvbit                       nvbit        000000
__Lnvrram                      nvrram       000000
__Lparam                       rparam       000000
__Lpowerup                     powerup      000000
__Lram                         ram          000000
__Lramtop                      ramtop       000600
__Lrbit                        rbit         000000
__Lrbss                        rbss         000000
__Lrdata                       rdata        000000
__Lreset_vec                   reset_vec    000000
__Lrparam                      rparam       000000
__Lsfr                         sfr          000000
__Lsivt_hi                     sivt_hi      000000
__Lsivt_lo                     sivt_lo      000018
__Lsmallconst                  smallconst   000000
__Lspace_0                     (abs)        000000
__Lspace_1                     (abs)        000000
__Lspace_2                     (abs)        000000
__Lspace_4                     (abs)        000000
__Lstack                       stack        000000
__Lstruct                      struct       000000
__Ltemp                        temp         000000
__Ltext                        text         000000
__Ltext0                       text0        000000
__Ltext1                       text1        000000
__Ltext10                      text10       000000
__Ltext11                      text11       000000
__Ltext12                      text12       000000
__Ltext13                      text13       000000
__Ltext14                      text14       000000
__Ltext15                      text15       000000
__Ltext16                      text16       000000
__Ltext17                      text17       000000
__Ltext18                      text18       000000
__Ltext19                      text19       000000
__Ltext2                       text2        000000
__Ltext20                      text20       000000
__Ltext21                      text21       000000
__Ltext22                      text22       000000
__Ltext23                      text23       000000
__Ltext24                      text24       000000
__Ltext25                      text25       000000
__Ltext26                      text26       000000
__Ltext27                      text27       000000
__Ltext28                      text28       000000
__Ltext29                      text29       000000
__Ltext3                       text3        000000
__Ltext30                      text30       000000
__Ltext31                      text31       000000
__Ltext32                      text32       000000
__Ltext33                      text33       000000
__Ltext34                      text34       000000
__Ltext35                      text35       000000
__Ltext36                      text36       000000
__Ltext37                      text37       000000
__Ltext38                      text38       000000
__Ltext39                      text39       000000
__Ltext4                       text4        000000
__Ltext40                      text40       000000
__Ltext41                      text41       000000
__Ltext42                      text42       000000
__Ltext43                      text43       000000
__Ltext5                       text5        000000
__Ltext6                       text6        000000
__Ltext7                       text7        000000
__Ltext8                       text8        000000
__Ltext9                       text9        000000
__S0                           (abs)        003001
__S1                           (abs)        000264
__S4                           (abs)        000000
__S5                           (abs)        000000
___awdiv                       text12       0016CA
___awdiv@counter               cstackCOMRAM 000005
___awdiv@dividend              cstackCOMRAM 000001
___awdiv@divisor               cstackCOMRAM 000003
___awdiv@quotient              cstackCOMRAM 000007
___awdiv@sign                  cstackCOMRAM 000006
___awmod                       text11       00161C
___awmod@counter               cstackCOMRAM 000005
___awmod@dividend              cstackCOMRAM 000001
___awmod@divisor               cstackCOMRAM 000003
___awmod@sign                  cstackCOMRAM 000006
___fldiv                       text8        002578
___fldiv@a                     cstackCOMRAM 000013
___fldiv@aexp                  cstackCOMRAM 000027
___fldiv@b                     cstackCOMRAM 00000F
___fldiv@bexp                  cstackCOMRAM 000026
___fldiv@grs                   cstackCOMRAM 000022
___fldiv@new_exp               cstackCOMRAM 000020
___fldiv@rem                   cstackCOMRAM 00001B
___fldiv@sign                  cstackCOMRAM 00001F
___fltol                       text7        001918
___fltol@exp1                  cstackCOMRAM 000031
___fltol@f1                    cstackCOMRAM 000028
___fltol@sign1                 cstackCOMRAM 000030
___heap_hi                     (abs)        000000
___heap_lo                     (abs)        000000
___inthi_sp                    stack        000000
___inthi_stack_hi              stack        000000
___inthi_stack_lo              stack        000000
___intlo_sp                    stack        000000
___intlo_stack_hi              stack        000000
___intlo_stack_lo              stack        000000
___param_bank                  (abs)        000000
___rparam_used                 (abs)        000001
___sp                          stack        000000
___stack_hi                    stack        000000
___stack_lo                    stack        000000
___xxtofl                      text6        001C58
___xxtofl@arg                  cstackCOMRAM 00000B
___xxtofl@exp                  cstackCOMRAM 00000A
___xxtofl@sign                 cstackCOMRAM 000009
___xxtofl@val                  cstackCOMRAM 000001
__accesstop                    (abs)        000060
__activetblptr                 (abs)        000002
__end_of___awdiv               text12       00178C
__end_of___awmod               text11       0016CA
__end_of___fldiv               text8        002908
__end_of___fltol               text7        001A1E
__end_of___xxtofl              text6        001E0C
__end_of__initialization       cinit        00146E
__end_of_clcd_print            text42       00140C
__end_of_clcd_putch            text10       00100C
__end_of_clcd_write            text43       001128
__end_of_clear_log             text29       00161C
__end_of_display_main_menu     text28       00238E
__end_of_download_log          text24       001C58
__end_of_event_read            text27       001FC6
__end_of_event_store           text30       0012E2
__end_of_get_time              text5        00156E
__end_of_i2c_idle              text40       000FB4
__end_of_i2c_no_ack            text41       000F6A
__end_of_i2c_read              text38       000F96
__end_of_i2c_rep_start         text37       000F7A
__end_of_i2c_rx_mode           text39       000F72
__end_of_i2c_start             text36       000F82
__end_of_i2c_stop              text35       000F8A
__end_of_i2c_write             text34       000FA2
__end_of_init_adc              text23       001028
__end_of_init_clcd             text22       0010EE
__end_of_init_config           text15       001164
__end_of_init_ds1307           text19       001232
__end_of_init_i2c              text18       000FDC
__end_of_init_matrix_keypad    text17       000FC6
__end_of_init_uart             text16       001066
__end_of_int_to_str            text4        001284
__end_of_main                  text0        001918
__end_of_putch                 text26       000FF4
__end_of_puts                  text25       001340
__end_of_read_adc              text3        0011EA
__end_of_read_ds1307           text21       0010BA
__end_of_read_external_eeprom  text33       001090
__end_of_read_switches         text13       0014EC
__end_of_scan_key              text14       001B26
__end_of_set_time              text9        002EFE
__end_of_store_event           text31       001850
__end_of_view_dashboard        text2        002578
__end_of_view_log              text1        0021A8
__end_of_write_ds1307          text20       001046
__end_of_write_external_eeprom text32       0011A4
__initialization               cinit        00140C
__mediumconst                  mediumconst  002EFE
__pbssBANK0                    bssBANK0     0000C0
__pbssBANK1                    bssBANK1     000100
__pbssBANK2                    bssBANK2     000200
__pbssCOMRAM                   bssCOMRAM    000034
__pcinit                       cinit        00140C
__pcstackCOMRAM                cstackCOMRAM 000001
__pdataBANK0                   dataBANK0    000060
__pdataCOMRAM                  dataCOMRAM   00005E
__pidataBANK0                  idataBANK0   001340
__pidataCOMRAM                 idataCOMRAM  003000
__pmediumconst                 mediumconst  002EFE
__ptext0                       text0        001850
__ptext1                       text1        001FC6
__ptext10                      text10       000FF4
__ptext11                      text11       00161C
__ptext12                      text12       0016CA
__ptext13                      text13       001478
__ptext14                      text14       001A1E
__ptext15                      text15       001128
__ptext16                      text16       001046
__ptext17                      text17       000FB4
__ptext18                      text18       000FC6
__ptext19                      text19       0011EA
__ptext2                       text2        00238E
__ptext20                      text20       001028
__ptext21                      text21       001090
__ptext22                      text22       0010BA
__ptext23                      text23       00100C
__ptext24                      text24       001B26
__ptext25                      text25       0012E2
__ptext26                      text26       000FDC
__ptext27                      text27       001E0C
__ptext28                      text28       0021A8
__ptext29                      text29       00156E
__ptext3                       text3        0011A4
__ptext30                      text30       001284
__ptext31                      text31       00178C
__ptext32                      text32       001164
__ptext33                      text33       001066
__ptext34                      text34       000F96
__ptext35                      text35       000F82
__ptext36                      text36       000F7A
__ptext37                      text37       000F72
__ptext38                      text38       000F8A
__ptext39                      text39       000F6A
__ptext4                       text4        001232
__ptext40                      text40       000FA2
__ptext41                      text41       000F64
__ptext42                      text42       0013A0
__ptext43                      text43       0010EE
__ptext5                       text5        0014EC
__ptext6                       text6        001C58
__ptext7                       text7        001918
__ptext8                       text8        002578
__ptext9                       text9        002908
__ramtop                       ramtop       000600
__smallconst                   mediumconst  002EFE
_a                             bssCOMRAM    000039
_adc_reg_val                   bssCOMRAM    000051
_arr                           dataBANK0    000060
_array                         bssBANK0     0000C0
_b                             bssBANK0     0000D9
_blink                         bssCOMRAM    00003F
_clcd_print                    text42       0013A0
_clcd_putch                    text10       000FF4
_clcd_write                    text43       0010EE
_clear_log                     text29       00156E
_clock_reg                     bssCOMRAM    000034
_count                         bssCOMRAM    000058
_data                          bssBANK1     000100
_data_index@main$F324          bssCOMRAM    000037
_delay                         bssCOMRAM    00003B
_display_main_menu             text28       0021A8
_download_log                  text24       001B26
_event_count                   bssCOMRAM    000041
_event_number                  bssCOMRAM    000043
_event_read                    text27       001E0C
_event_store                   text30       001284
_field                         bssCOMRAM    00003D
_flag                          bssBANK0     0000DF
_get_time                      text5        0014EC
_hour                          bssCOMRAM    000057
_i                             bssCOMRAM    00004B
_i2c_idle                      text40       000FA2
_i2c_no_ack                    text41       000F64
_i2c_read                      text38       000F8A
_i2c_rep_start                 text37       000F72
_i2c_rx_mode                   text39       000F6A
_i2c_start                     text36       000F7A
_i2c_stop                      text35       000F82
_i2c_write                     text34       000F96
_index_val                     bssCOMRAM    00004F
_init_adc                      text23       00100C
_init_clcd                     text22       0010BA
_init_config                   text15       001128
_init_ds1307                   text19       0011EA
_init_i2c                      text18       000FC6
_init_matrix_keypad            text17       000FB4
_init_uart                     text16       001046
_int_to_str                    text4        001232
_j                             bssCOMRAM    000047
_k                             bssCOMRAM    000049
_key                           bssCOMRAM    000059
_main                          text0        001850
_menu                          dataBANK0    00007C
_min                           bssCOMRAM    000056
_putch                         text26       000FDC
_puts                          text25       0012E2
_read_adc                      text3        0011A4
_read_ds1307                   text21       001090
_read_external_eeprom          text33       001066
_read_switches                 text13       001478
_scan_key                      text14       001A1E
_scroll                        bssCOMRAM    000045
_sec                           bssCOMRAM    000055
_set_time                      text9        002908
_speed                         bssCOMRAM    00004D
_speed_str                     bssCOMRAM    00005B
_state                         bssCOMRAM    000054
_store_event                   text31       00178C
_stored                        bssBANK2     000200
_time                          bssBANK0     0000E1
_view_dashboard                text2        00238E
_view_log                      text1        001FC6
_write_add                     bssCOMRAM    000053
_write_ds1307                  text20       001028
_write_external_eeprom         text32       001164
_x                             bssBANK0     0000DB
clcd_print@addr                cstackCOMRAM 000005
clcd_print@data                cstackCOMRAM 000003
clcd_putch@addr                cstackCOMRAM 000009
clcd_putch@data                cstackCOMRAM 00000A
clcd_write@byte                cstackCOMRAM 000002
clcd_write@control_bit         cstackCOMRAM 000001
clear_log@j                    cstackCOMRAM 000010
download_log@x                 cstackCOMRAM 000011
end_of_initialization          cinit        00146E
event_read@i                   cstackCOMRAM 000009
event_read@j                   cstackCOMRAM 00000B
event_read@read_addr           cstackCOMRAM 000008
event_store@i                  cstackCOMRAM 00000C
i2c_write@data                 cstackCOMRAM 000001
init_ds1307@dummy              cstackCOMRAM 00000B
int_to_str@num                 cstackCOMRAM 000009
int_to_str@str                 cstackCOMRAM 00000B
intlevel0                      text         000000
intlevel1                      text         000000
intlevel2                      text         000000
intlevel3                      text         000000
isa$std                        (abs)        000001
isa$xinst                      (abs)        000000
putch@byte                     cstackCOMRAM 000001
puts@s                         cstackCOMRAM 000002
read_adc@channel               cstackCOMRAM 000007
read_adc@reg_val               cstackCOMRAM 000005
read_ds1307@address            cstackCOMRAM 000002
read_ds1307@data               cstackCOMRAM 000003
read_external_eeprom@address   cstackCOMRAM 000002
read_external_eeprom@data      cstackCOMRAM 000003
read_switches@detection_type   cstackCOMRAM 000001
read_switches@key              bssCOMRAM    00005A
read_switches@once             dataCOMRAM   00005E
stackhi                        (abs)        000000
stacklo                        (abs)        000000
start                          init         002FFC
start_initialization           cinit        00140C
store_event@i                  cstackCOMRAM 00000A
view_log@delay                 cstackCOMRAM 00000E
write_ds1307@address           cstackCOMRAM 00000A
write_ds1307@data              cstackCOMRAM 000009
write_external_eeprom@address  cstackCOMRAM 000007
write_external_eeprom@data     cstackCOMRAM 000004
write_external_eeprom@k        cstackCOMRAM 000005


MODULE INFORMATION

Module		Function		Class		Link	Load	Size
car_black_box.c
		_view_log      		CODE           	1FC6	0000	482
		_int_to_str    		CODE           	1232	0000	82
		_event_store   		CODE           	1284	0000	94
		_display_main_menu		CODE           	21A8	0000	486
		_event_read    		CODE           	1E0C	0000	442
		_download_log  		CODE           	1B26	0000	306
		_set_time      		CODE           	2908	0000	1526
		_clear_log     		CODE           	156E	0000	174
		_view_dashboard		CODE           	238E	0000	490
		_store_event   		CODE           	178C	0000	196

car_black_box.c estimated size: 4278

matrix_keypad.c
		_init_matrix_keypad		CODE           	0FB4	0000	18
		_read_switches 		CODE           	1478	0000	116
		_scan_key      		CODE           	1A1E	0000	264

matrix_keypad.c estimated size: 398

uart.c
		_putch         		CODE           	0FDC	0000	24
		_init_uart     		CODE           	1046	0000	32
		_puts          		CODE           	12E2	0000	94

uart.c estimated size: 150

D:\XC8_compiler\pic\sources\c99\common\xxtofl.c
		___xxtofl      		CODE           	1C58	0000	436

D:\XC8_compiler\pic\sources\c99\common\xxtofl.c estimated size: 436

ds1370.c
		_read_ds1307   		CODE           	1090	0000	42
		_write_ds1307  		CODE           	1028	0000	30
		_init_ds1307   		CODE           	11EA	0000	72

ds1370.c estimated size: 144

i2c.c
		_i2c_start     		CODE           	0F7A	0000	8
		_i2c_no_ack    		CODE           	0F64	0000	6
		_i2c_rep_start 		CODE           	0F72	0000	8
		_i2c_idle      		CODE           	0FA2	0000	18
		_i2c_write     		CODE           	0F96	0000	12
		_i2c_stop      		CODE           	0F82	0000	8
		_i2c_read      		CODE           	0F8A	0000	12
		_init_i2c      		CODE           	0FC6	0000	22
		_i2c_rx_mode   		CODE           	0F6A	0000	8

i2c.c estimated size: 102

D:\XC8_compiler\pic\sources\c99\common\awdiv.c
		___awdiv       		CODE           	16CA	0000	194

D:\XC8_compiler\pic\sources\c99\common\awdiv.c estimated size: 194

D:\XC8_compiler\pic\sources\c99\common\fltol.c
		___fltol       		CODE           	1918	0000	262

D:\XC8_compiler\pic\sources\c99\common\fltol.c estimated size: 262

D:\XC8_compiler\pic\sources\c99\common\sprcdiv.c
		___fldiv       		CODE           	2578	0000	912

D:\XC8_compiler\pic\sources\c99\common\sprcdiv.c estimated size: 912

adc.c
		_init_adc      		CODE           	100C	0000	28
		_read_adc      		CODE           	11A4	0000	70

adc.c estimated size: 98

get_time.c
		_get_time      		CODE           	14EC	0000	130

get_time.c estimated size: 130

external_eeprom.c
		_write_external_eeprom		CODE           	1164	0000	64
		_read_external_eeprom		CODE           	1066	0000	42

external_eeprom.c estimated size: 106

shared
		__initialization		CODE           	140C	0000	98

shared estimated size: 98

clcd.c
		_clcd_write    		CODE           	10EE	0000	58
		_clcd_print    		CODE           	13A0	0000	108
		_clcd_putch    		CODE           	0FF4	0000	24
		_init_clcd     		CODE           	10BA	0000	52

clcd.c estimated size: 242

main.c
		_main          		CODE           	1850	0000	200
		_init_config   		CODE           	1128	0000	60

main.c estimated size: 260

D:\XC8_compiler\pic\sources\c99\common\awmod.c
		___awmod       		CODE           	161C	0000	174

D:\XC8_compiler\pic\sources\c99\common\awmod.c estimated size: 174

